Microchip MPLAB XC8 Compiler V2.35

Linker command line:

-W-3 --edf=C:\Program Files\Microchip\xc8\v2.35\pic\dat\en_msgs.txt -cn \
  -h+dist/default/production\master_interfaz.X.production.sym \
  --cmf=dist/default/production\master_interfaz.X.production.cmf -z \
  -Q16F887 -oC:\Users\COMPUF~1\AppData\Local\Temp\xcAsfc.5 \
  --defsym=__MPLAB_BUILD=1 \
  -Mdist/default/production/master_interfaz.X.production.map \
  --md=C:\Users\COMPUF~1\AppData\Local\Temp\xcAsfc.dat -E1 \
  -ver=XC8 Compiler --acfsm=1493 -ACODE=00h-07FFhx4 -ASTRCODE=00h-01FFFh \
  -ASTRING=00h-0FFhx32 -ACONST=00h-0FFhx32 -AENTRY=00h-0FFhx32 \
  -ACOMMON=070h-07Fh -ABANK0=020h-06Fh -ABANK1=0A0h-0EFh \
  -ABANK2=0110h-016Fh -ABANK3=0190h-01EFh \
  -ARAM=020h-06Fh,0A0h-0EFh,0110h-016Fh,0190h-01EFh \
  -AABS1=020h-07Fh,0A0h-0EFh,0110h-016Fh,0190h-01EFh -ASFR0=00h-01Fh \
  -ASFR1=080h-09Fh -ASFR2=0100h-010Fh -ASFR3=0180h-018Fh \
  -ACONFIG=02007h-02008h -DCONFIG=2 -AIDLOC=02000h-02003h -DIDLOC=2 \
  -AEEDATA=00h-0FFh/02100h -peeprom_data=EEDATA -DEEDATA=2 -DCODE=2 \
  -DSTRCODE=2 -DSTRING=2 -DCONST=2 -DENTRY=2 \
  -preset_vec=00h,intentry=04h,init,end_init -ppowerup=CODE -pcinit=CODE \
  -pfunctab=ENTRY -k C:\Users\COMPUF~1\AppData\Local\Temp\xcAsfc.o \
  dist/default/production\master_interfaz.X.production.o 

Object code version is 3.11

Machine type is 16F887



                Name                               Link     Load   Length Selector   Space Scale
C:\Users\COMPUF~1\AppData\Local\Temp\xcAsfc.o
                end_init                             10       10        3        8       0
                reset_vec                             0        0        3        0       0
                config                             2007     2007        2        0       4
                idloc                              2000     2000        4        0       5
dist/default/production\master_interfaz.X.production.o
                cinit                                13       13       25        8       0
                intentry                              4        4        C        8       0
                config                             2007     2007        2        0       4
                idloc                              2000     2000        4        0       5
                text18                              7E1      7E1        D        8       0
                text17                             1036     1036       20     206C       0
                text16                             1D78     1D78      288     3AF0       0
                text15                             1056     1056      1DD     20AC       0
                text14                              7BA      7BA       27        8       0
                text13                              C9F      C9F      361     193E       0
                text12                             1AB4     1AB4       9C     3568       0
                text11                             1C02     1C02       BA     3804       0
                text10                             1B50     1B50       B2     36A0       0
                text9                               58D      58D      204        8       0
                text8                               961      961      33E     12C2       0
                text7                              1233     1233      2A0     2466       0
                text6                               791      791       29        8       0
                text5                                38       38      555        8       0
                text4                               805      805       7C     100A       0
                text3                              1CBC     1CBC       BC     3978       0
                text2                               881      881       E0     1102       0
                text1                              1A1B     1A1B       99     3436       0
                maintext                           14D3     14D3      32D     29A6       0
                cstackBANK0                          20       20       4F       20       1
                cstackCOMMON                         70       70        E       70       1
                cstackBANK1                          A0       A0       36       A0       1
                cstackBANK3                         190      190       46      190       1
                dataBANK3                           1D8      1D8        1      190       1
                bssBANK3                            1D6      1D6        2      190       1
                dataBANK1                            DE       DE        1       A0       1
                bssBANK1                             D6       D6        8       A0       1
                bssBANK0                             6F       6F        1       20       1
                idataBANK3                          7EF      7EF        1        8       0
                idataBANK1                          7EE      7EE        1        8       0

TOTAL           Name                               Link     Load   Length     Space
        CLASS   CODE           
                end_init                             10       10        3         0
                cinit                                13       13       25         0
                intentry                              4        4        C         0
                reset_vec                             0        0        3         0
                text18                              7E1      7E1        D         0
                text17                             1036     1036       20         0
                text16                             1D78     1D78      288         0
                text15                             1056     1056      1DD         0
                text14                              7BA      7BA       27         0
                text13                              C9F      C9F      361         0
                text12                             1AB4     1AB4       9C         0
                text11                             1C02     1C02       BA         0
                text10                             1B50     1B50       B2         0
                text9                               58D      58D      204         0
                text8                               961      961      33E         0
                text7                              1233     1233      2A0         0
                text6                               791      791       29         0
                text5                                38       38      555         0
                text4                               805      805       7C         0
                text3                              1CBC     1CBC       BC         0
                text2                               881      881       E0         0
                text1                              1A1B     1A1B       99         0
                maintext                           14D3     14D3      32D         0
                idataBANK3                          7EF      7EF        1         0
                idataBANK1                          7EE      7EE        1         0

        CLASS   STRCODE        

        CLASS   STRING         

        CLASS   CONST          

        CLASS   ENTRY          

        CLASS   COMMON         
                cstackCOMMON                         70       70        E         1

        CLASS   BANK0          
                cstackBANK0                          20       20       4F         1
                bssBANK0                             6F       6F        1         1

        CLASS   BANK1          
                cstackBANK1                          A0       A0       36         1
                dataBANK1                            DE       DE        1         1
                bssBANK1                             D6       D6        8         1

        CLASS   BANK2          

        CLASS   BANK3          
                cstackBANK3                         190      190       46         1
                dataBANK3                           1D8      1D8        1         1
                bssBANK3                            1D6      1D6        2         1

        CLASS   RAM            

        CLASS   ABS1           
                abs_s1                               7E       7E        2         1

        CLASS   SFR0           

        CLASS   SFR1           

        CLASS   SFR2           

        CLASS   SFR3           

        CLASS   CONFIG         
                config                             2007     2007        2         4

        CLASS   IDLOC          
                idloc                              2000     2000        4         5

        CLASS   EEDATA         

        CLASS   STACK          



SEGMENTS        Name                           Load    Length   Top    Selector   Space  Class     Delta

                reset_vec                      000000  000003  000003         0       0  CODE        2
                intentry                       000004  0007EC  0007F0         8       0  CODE        2
                cstackBANK0                    000020  000050  000070        20       1  BANK0       1
                cstackCOMMON                   000070  00000E  00007E        70       1  COMMON      1
                cstackBANK1                    0000A0  00003F  0000DF        A0       1  BANK1       1
                cstackBANK3                    000190  000049  0001D9       190       1  BANK3       1
                text4                          000805  00007C  000881      100A       0  CODE        2
                text2                          000881  0000E0  000961      1102       0  CODE        2
                text8                          000961  00033E  000C9F      12C2       0  CODE        2
                text13                         000C9F  000361  001000      193E       0  CODE        2
                text17                         001036  000020  001056      206C       0  CODE        2
                text15                         001056  0001DD  001233      20AC       0  CODE        2
                text7                          001233  0002A0  0014D3      2466       0  CODE        2
                maintext                       0014D3  00032D  001800      29A6       0  CODE        2
                text1                          001A1B  000099  001AB4      3436       0  CODE        2
                text12                         001AB4  00009C  001B50      3568       0  CODE        2
                text10                         001B50  0000B2  001C02      36A0       0  CODE        2
                text11                         001C02  0000BA  001CBC      3804       0  CODE        2
                text3                          001CBC  0000BC  001D78      3978       0  CODE        2
                text16                         001D78  000288  002000      3AF0       0  CODE        2


UNUSED ADDRESS RANGES

        Name                Unused          Largest block    Delta
        BANK1            00DF-00EF             11           1
        BANK2            0110-016F             60           1
        BANK3            01D9-01EF             17           1
        CODE             0003-0003              1           2
                         07F0-0804             10
                         1000-1035             36
                         1800-1A1A            21B
        CONST            0003-0003              1           2
                         07F0-0804             10
                         1000-1035             36
                         1800-1A1A            100
        EEDATA           2100-21FF            100           2
        ENTRY            0003-0003              1           2
                         07F0-0804             10
                         1000-1035             36
                         1800-1A1A            100
        RAM              00DF-00EF             11           1
                         0110-016F             60
                         01D9-01EF             17
        SFR0             0000-001F             20           1
        SFR1             0080-009F             20           1
        SFR2             0100-010F             10           1
        SFR3             0180-018F             10           1
        STRCODE          0003-0003              1           2
                         07F0-0804             15
                         1000-1035             36
                         1800-1A1A            21B
        STRING           0003-0003              1           2
                         07F0-0804             10
                         1000-1035             36
                         1800-1A1A            100

                                  Symbol Table

?__Umul8_16               cstackBANK1  00B1
?___fladd                 cstackBANK3  01B2
?___fldiv                 cstackBANK1  00BF
?___flmul                 cstackBANK3  019D
?___fltol                 cstackBANK3  01C2
?___xxtofl                cstackBANK1  00B1
?_map                     cstackBANK3  01CD
?i1__Umul8_16             cstackCOMMON 0070
?i1___fladd               cstackBANK0  0054
?i1___fldiv               cstackBANK0  0020
?i1___flmul               cstackBANK0  003A
?i1___fltol               cstackBANK0  0068
?i1___xxtofl              cstackCOMMON 0070
?i1_map                   cstackBANK1  00A5
_ADCON0bits               (abs)        001F
_ADCON1bits               (abs)        009F
_ADRESH                   (abs)        001E
_ANSEL                    (abs)        0188
_ANSELH                   (abs)        0189
_BAUDCTLbits              (abs)        0187
_CCP1CON                  (abs)        0017
_CCP1CONbits              (abs)        0017
_CCP2CON                  (abs)        001D
_CCP2CONbits              (abs)        001D
_CCPR                     bssBANK1     00D8
_CCPR1L                   (abs)        0015
_CCPR2L                   (abs)        001B
_CCPR_2                   bssBANK1     00D6
_EEADR                    (abs)        010D
_EECON1bits               (abs)        018C
_EECON2                   (abs)        018D
_EEDAT                    (abs)        010C
_INTCONbits               (abs)        000B
_IOCB                     (abs)        0096
_OPTION_REGbits           (abs)        0081
_OSCCONbits               (abs)        008F
_PIE1bits                 (abs)        008C
_PIR1bits                 (abs)        000C
_PORTA                    (abs)        0005
_PORTAbits                (abs)        0005
_PORTBbits                (abs)        0006
_PORTC                    (abs)        0007
_PORTD                    (abs)        0008
_PORTDbits                (abs)        0008
_PR2                      (abs)        0092
_RCREG                    (abs)        001A
_RCSTAbits                (abs)        0018
_SPBRG                    (abs)        0099
_SPBRGH                   (abs)        009A
_SSPBUF                   (abs)        0013
_SSPCONbits               (abs)        0014
_SSPSTATbits              (abs)        0094
_T2CONbits                (abs)        0012
_TRISA                    (abs)        0085
_TRISB                    (abs)        0086
_TRISCbits                (abs)        0087
_TRISD                    (abs)        0088
_TXSTAbits                (abs)        0098
_WPUB                     (abs)        0095
__Habs1                   abs1         0000
__Hbank0                  bank0        0000
__Hbank1                  bank1        0000
__Hbank2                  bank2        0000
__Hbank3                  bank3        0000
__HbssBANK0               bssBANK0     0000
__HbssBANK1               bssBANK1     0000
__HbssBANK3               bssBANK3     0000
__Hcinit                  cinit        0038
__Hclrtext                clrtext      0000
__Hcode                   code         0000
__Hcommon                 common       0000
__Hconfig                 config       2009
__HcstackBANK0            cstackBANK0  0000
__HcstackBANK1            cstackBANK1  0000
__HcstackBANK3            cstackBANK3  0000
__HcstackCOMMON           cstackCOMMON 0000
__HdataBANK1              dataBANK1    0000
__HdataBANK3              dataBANK3    0000
__Heeprom_data            eeprom_data  0000
__Hend_init               end_init     0013
__Hfunctab                functab      0000
__HidataBANK1             idataBANK1   0000
__HidataBANK3             idataBANK3   0000
__Hidloc                  idloc        2004
__Hinit                   init         0010
__Hintentry               intentry     0010
__Hmaintext               maintext     0000
__Hpowerup                powerup      0000
__Hram                    ram          0000
__Hreset_vec              reset_vec    0003
__Hsfr0                   sfr0         0000
__Hsfr1                   sfr1         0000
__Hsfr2                   sfr2         0000
__Hsfr3                   sfr3         0000
__Hspace_0                (abs)        2000
__Hspace_1                (abs)        01D9
__Hspace_2                (abs)        0000
__Hspace_3                (abs)        0000
__Hspace_4                (abs)        4010
__Hstack                  stack        0000
__Hstrings                strings      0000
__Htext                   text         0000
__Labs1                   abs1         0000
__Lbank0                  bank0        0000
__Lbank1                  bank1        0000
__Lbank2                  bank2        0000
__Lbank3                  bank3        0000
__LbssBANK0               bssBANK0     0000
__LbssBANK1               bssBANK1     0000
__LbssBANK3               bssBANK3     0000
__Lcinit                  cinit        0013
__Lclrtext                clrtext      0000
__Lcode                   code         0000
__Lcommon                 common       0000
__Lconfig                 config       0000
__LcstackBANK0            cstackBANK0  0000
__LcstackBANK1            cstackBANK1  0000
__LcstackBANK3            cstackBANK3  0000
__LcstackCOMMON           cstackCOMMON 0000
__LdataBANK1              dataBANK1    0000
__LdataBANK3              dataBANK3    0000
__Leeprom_data            eeprom_data  0000
__Lend_init               end_init     0010
__Lfunctab                functab      0000
__LidataBANK1             idataBANK1   0000
__LidataBANK3             idataBANK3   0000
__Lidloc                  idloc        0000
__Linit                   init         0010
__Lintentry               intentry     0004
__Lmaintext               maintext     0000
__Lpowerup                powerup      0000
__Lram                    ram          0000
__Lreset_vec              reset_vec    0000
__Lsfr0                   sfr0         0000
__Lsfr1                   sfr1         0000
__Lsfr2                   sfr2         0000
__Lsfr3                   sfr3         0000
__Lspace_0                (abs)        0000
__Lspace_1                (abs)        0000
__Lspace_2                (abs)        0000
__Lspace_3                (abs)        0000
__Lspace_4                (abs)        0000
__Lstack                  stack        0000
__Lstrings                strings      0000
__Ltext                   text         0000
__S0                      (abs)        2000
__S1                      (abs)        01D9
__S3                      (abs)        0000
__Umul8_16                text6        0791
__Umul8_16@multiplicand   cstackBANK1  00B1
__Umul8_16@multiplier     cstackBANK1  00B9
__Umul8_16@product        cstackBANK1  00B5
__Umul8_16@word_mpld      cstackBANK1  00B7
___fladd                  text8        0961
___fladd@a                cstackBANK3  01B6
___fladd@aexp             cstackBANK1  00D2
___fladd@b                cstackBANK3  01B2
___fladd@bexp             cstackBANK1  00D3
___fladd@grs              cstackBANK1  00D4
___fladd@signs            cstackBANK1  00D1
___fldiv                  text7        1233
___fldiv@a                cstackBANK1  00BF
___fldiv@aexp             cstackBANK3  019C
___fldiv@b                cstackBANK1  00C3
___fldiv@bexp             cstackBANK3  019B
___fldiv@grs              cstackBANK3  0197
___fldiv@new_exp          cstackBANK3  0195
___fldiv@rem              cstackBANK3  0190
___fldiv@sign             cstackBANK3  0194
___flmul                  text5        0038
___flmul@a                cstackBANK3  01A1
___flmul@aexp             cstackBANK3  01AA
___flmul@b                cstackBANK3  019D
___flmul@bexp             cstackBANK3  01AB
___flmul@grs              cstackBANK3  01A6
___flmul@prod             cstackBANK3  01AC
___flmul@sign             cstackBANK3  01A5
___flmul@temp             cstackBANK3  01B0
___fltol                  text4        0805
___fltol@exp1             cstackBANK3  01CC
___fltol@f1               cstackBANK3  01C2
___fltol@sign1            cstackBANK3  01CB
___int_sp                 stack        0000
___latbits                (abs)        0002
___sp                     stack        0000
___stackhi                (abs)        0000
___stacklo                (abs)        0000
___xxtofl                 text3        1CBC
___xxtofl@arg             cstackBANK1  00BB
___xxtofl@exp             cstackBANK1  00BA
___xxtofl@sign            cstackBANK1  00B9
___xxtofl@val             cstackBANK1  00B1
__end_of__Umul8_16        text6        07BA
__end_of___fladd          text8        0C9F
__end_of___fldiv          text7        14D3
__end_of___flmul          text5        058D
__end_of___fltol          text4        0881
__end_of___xxtofl         text3        1D78
__end_of__initialization  cinit        0034
__end_of_isr              text9        0791
__end_of_main             maintext     1800
__end_of_map              text2        0961
__end_of_read_EEPROM      text18       07EE
__end_of_setup            text1        1AB4
__end_of_write_EEPROM     text17       1056
__end_ofi1__Umul8_16      text14       07E1
__end_ofi1___fladd        text16       2000
__end_ofi1___fldiv        text15       1233
__end_ofi1___flmul        text13       1000
__end_ofi1___fltol        text12       1B50
__end_ofi1___xxtofl       text11       1CBC
__end_ofi1_map            text10       1C02
__initialization          cinit        0013
__pbssBANK0               bssBANK0     006F
__pbssBANK1               bssBANK1     00D6
__pbssBANK3               bssBANK3     01D6
__pcstackBANK0            cstackBANK0  0020
__pcstackBANK1            cstackBANK1  00A0
__pcstackBANK3            cstackBANK3  0190
__pcstackCOMMON           cstackCOMMON 0070
__pdataBANK1              dataBANK1    00DE
__pdataBANK3              dataBANK3    01D8
__pidataBANK1             idataBANK1   07EE
__pidataBANK3             idataBANK3   07EF
__pintentry               intentry     0004
__pmaintext               maintext     14D3
__ptext1                  text1        1A1B
__ptext10                 text10       1B50
__ptext11                 text11       1C02
__ptext12                 text12       1AB4
__ptext13                 text13       0C9F
__ptext14                 text14       07BA
__ptext15                 text15       1056
__ptext16                 text16       1D78
__ptext17                 text17       1036
__ptext18                 text18       07E1
__ptext2                  text2        0881
__ptext3                  text3        1CBC
__ptext4                  text4        0805
__ptext5                  text5        0038
__ptext6                  text6        0791
__ptext7                  text7        1233
__ptext8                  text8        0961
__ptext9                  text9        058D
_enviar                   bssBANK3     01D6
_flag                     bssBANK3     01D7
_interfaz                 dataBANK3    01D8
_isr                      text9        058D
_main                     maintext     14D3
_map                      text2        0881
_modo                     dataBANK1    00DE
_pot1                     bssBANK1     00DA
_pot2                     bssBANK1     00DB
_pot3                     bssBANK1     00DC
_pot4                     bssBANK1     00DD
_read_EEPROM              text18       07E1
_setup                    text1        1A1B
_write_EEPROM             text17       1036
btemp                     (abs)        007E
end_of_initialization     cinit        0034
i1__Umul8_16              text14       07BA
i1__Umul8_16@multiplicand cstackCOMMON 0070
i1__Umul8_16@multiplier   cstackCOMMON 0078
i1__Umul8_16@product      cstackCOMMON 0074
i1__Umul8_16@word_mpld    cstackCOMMON 0076
i1___fladd                text16       1D78
i1___fladd@a              cstackBANK0  0058
i1___fladd@aexp           cstackBANK0  0065
i1___fladd@b              cstackBANK0  0054
i1___fladd@bexp           cstackBANK0  0066
i1___fladd@grs            cstackBANK0  0067
i1___fladd@signs          cstackBANK0  0064
i1___fldiv                text15       1056
i1___fldiv@a              cstackBANK0  0020
i1___fldiv@aexp           cstackBANK0  0039
i1___fldiv@b              cstackBANK0  0024
i1___fldiv@bexp           cstackBANK0  0038
i1___fldiv@grs            cstackBANK0  0034
i1___fldiv@new_exp        cstackBANK0  0032
i1___fldiv@rem            cstackBANK0  002D
i1___fldiv@sign           cstackBANK0  0031
i1___flmul                text13       0C9F
i1___flmul@a              cstackBANK0  003E
i1___flmul@aexp           cstackBANK0  004C
i1___flmul@b              cstackBANK0  003A
i1___flmul@bexp           cstackBANK0  004D
i1___flmul@grs            cstackBANK0  0048
i1___flmul@prod           cstackBANK0  004E
i1___flmul@sign           cstackBANK0  0047
i1___flmul@temp           cstackBANK0  0052
i1___fltol                text12       1AB4
i1___fltol@exp1           cstackBANK0  006D
i1___fltol@f1             cstackBANK0  0068
i1___fltol@sign1          cstackBANK0  006C
i1___xxtofl               text11       1C02
i1___xxtofl@arg           cstackCOMMON 007A
i1___xxtofl@exp           cstackCOMMON 0079
i1___xxtofl@sign          cstackCOMMON 0078
i1___xxtofl@val           cstackCOMMON 0070
i1_map                    text10       1B50
i1map@x                   cstackBANK0  006E
i1map@x0                  cstackBANK1  00A5
i1map@x1                  cstackBANK1  00A6
i1map@y0                  cstackBANK1  00A7
i1map@y1                  cstackBANK1  00A9
interrupt_function        intentry     0004
intlevel0                 functab      0000
intlevel1                 functab      0000
intlevel2                 functab      0000
intlevel3                 functab      0000
intlevel4                 functab      0000
intlevel5                 functab      0000
map@x                     cstackBANK1  00D5
map@x0                    cstackBANK3  01CD
map@x1                    cstackBANK3  01CE
map@y0                    cstackBANK3  01CF
map@y1                    cstackBANK3  01D1
read_EEPROM@address       cstackCOMMON 0070
reset_vec                 reset_vec    0000
saved_w                   (abs)        007E
start                     init         0010
start_initialization      cinit        0013
write_EEPROM@address      cstackCOMMON 0073
write_EEPROM@data         cstackCOMMON 0070
wtemp0                    (abs)        007E


MODULE INFORMATION

Module		Function		Class		Link	Load	Size
C:\Program Files\Microchip\xc8\v2.35\pic\sources\c90\common\xxtofl.c
		___xxtofl      		CODE           	1CBC	0000	188

C:\Program Files\Microchip\xc8\v2.35\pic\sources\c90\common\xxtofl.c estimated size: 188

C:\Program Files\Microchip\xc8\v2.35\pic\sources\c90\common\fltol.c
		___fltol       		CODE           	0805	0000	124

C:\Program Files\Microchip\xc8\v2.35\pic\sources\c90\common\fltol.c estimated size: 124

C:\Program Files\Microchip\xc8\v2.35\pic\sources\c90\common\sprcmul.c
		___flmul       		CODE           	0038	0000	1365

C:\Program Files\Microchip\xc8\v2.35\pic\sources\c90\common\sprcmul.c estimated size: 1365

C:\Program Files\Microchip\xc8\v2.35\pic\sources\c90\common\sprcdiv.c
		___fldiv       		CODE           	1233	0000	672

C:\Program Files\Microchip\xc8\v2.35\pic\sources\c90\common\sprcdiv.c estimated size: 672

shared
		i1___fladd     		CODE           	1D78	0000	648
		i1__Umul8_16   		CODE           	07BA	0000	39
		i1___fldiv     		CODE           	1056	0000	477
		i1___fltol     		CODE           	1AB4	0000	156
		__initialization		CODE           	0013	0000	33
		i1___flmul     		CODE           	0C9F	0000	865
		i1___xxtofl    		CODE           	1C02	0000	186
		i1_map         		CODE           	1B50	0000	178

shared estimated size: 2582

master.c
		_map           		CODE           	0881	0000	224
		_main          		CODE           	14D3	0000	813
		_isr           		CODE           	058D	0000	516
		_setup         		CODE           	1A1B	0000	153
		_read_EEPROM   		CODE           	07E1	0000	13
		_write_EEPROM  		CODE           	1036	0000	32

master.c estimated size: 1751

C:\Program Files\Microchip\xc8\v2.35\pic\sources\c90\common\Umul8_16.c
		__Umul8_16     		CODE           	0791	0000	41

C:\Program Files\Microchip\xc8\v2.35\pic\sources\c90\common\Umul8_16.c estimated size: 41

C:\Program Files\Microchip\xc8\v2.35\pic\sources\c90\common\sprcadd.c
		___fladd       		CODE           	0961	0000	830

C:\Program Files\Microchip\xc8\v2.35\pic\sources\c90\common\sprcadd.c estimated size: 830

